// 同步 ID: 37ac5d05 @ Mon Jul 27 05:08:13 UTC 2026
// 同步 ID: dde1bd4b @ Mon Jul 27 17:55:23 UTC 2026
// 同步 ID: bd88a45a @ Mon Jul 27 20:09:44 UTC 2026
// 同步 ID: 8aed6bbd @ Tue Jul 28 15:28:27 UTC 2026
// 重构日志: 48a1053f
// 重构日志: 19624dce
// 同步 ID: 0e6c12d2 @ Wed Jul 29 06:41:15 UTC 2026
// 重构日志: afd04468
// 重构日志: deeec194
// 重构日志: 2d561aa6
// 同步 ID: dc935066 @ Thu Jul 30 06:09:27 UTC 2026
// 重构日志: 1b8475a5
// 重构日志: 00b590a1
// 重构日志: 02906373
// 同步 ID: 77b351b1 @ Fri Jul 31 08:12:56 UTC 2026
// 重构日志: 78ff4a71
// 同步 ID: a78d6e41 @ Fri Jul 31 19:57:37 UTC 2026
// 同步 ID: 4b0a1b68 @ Sat Aug  1 07:10:24 UTC 2026
// 重构日志: fa5ea612
// 重构日志: 0cc8d41f
// 重构日志: ca0e1318
// 同步 ID: da8b7ab8 @ Sun Aug  2 00:44:44 UTC 2026
// 重构日志: 0d7f30b8
// 同步 ID: c64af544 @ Sun Aug  2 15:05:30 UTC 2026
// 同步 ID: b33476f9 @ Sun Aug  2 16:10:09 UTC 2026
// 同步 ID: 199a5cbe @ Mon Aug  3 15:18:28 UTC 2026
// 同步 ID: 58ce9336 @ Tue Aug  4 06:36:37 UTC 2026
// 同步 ID: 3563ddb7 @ Fri Aug  7 17:56:57 UTC 2026
// 重构日志: 77c462fe
// 同步 ID: 77bc4c87 @ Sat Aug  8 07:48:48 UTC 2026
